2025-09-24 21:04:03,099 [Worker-6: Loading available Gradle versions] INFO  o.e.b.c.i.u.g.PublishedGradleVersions - Gradle version information cache is not available. Remote download required.
2026-01-07 08:40:47,685 [Worker-1: Loading available Gradle versions] INFO  o.e.b.c.i.u.g.PublishedGradleVersions - Gradle version information cache is out-of-date. Trying to update.
2026-01-07 08:45:11,827 [Worker-11: Creating project "Sample"] INFO  o.e.m.c.i.l.LifecycleMappingFactory - Using org.eclipse.m2e.jdt.JarLifecycleMapping lifecycle mapping for MavenProject: Sample:Sample:0.0.1-SNAPSHOT @ S:\1hUB\Sample\pom.xml.
2026-01-07 08:45:12,881 [Worker-11: Creating project "Sample"] INFO  o.e.m.j.i.AbstractJavaProjectConfigurator - Adding source folder /Sample/src/main/java
2026-01-07 08:45:12,885 [Worker-11: Creating project "Sample"] INFO  o.e.m.j.i.AbstractJavaProjectConfigurator - Adding resource folder /Sample/src/main/resources
2026-01-07 08:45:12,887 [Worker-11: Creating project "Sample"] INFO  o.e.m.j.i.AbstractJavaProjectConfigurator - Adding source folder /Sample/src/test/java
2026-01-07 08:45:12,887 [Worker-11: Creating project "Sample"] INFO  o.e.m.j.i.AbstractJavaProjectConfigurator - Adding resource folder /Sample/src/test/resources
2026-01-07 08:45:14,635 [Worker-26: Building] WARN  o.a.m.s.f.DefaultMavenResourcesFiltering - Using platform encoding (UTF-8 actually) to copy filtered resources, i.e. build is platform dependent!
2026-01-07 08:45:14,693 [Worker-26: Building] INFO  o.a.m.s.f.DefaultMavenResourcesFiltering - Copying 0 resource from src\main\resources to target\classes
2026-01-07 08:45:14,700 [Worker-26: Building] WARN  o.a.m.s.f.DefaultMavenResourcesFiltering - Using platform encoding (UTF-8 actually) to copy filtered resources, i.e. build is platform dependent!
2026-01-07 08:45:14,703 [Worker-26: Building] INFO  o.a.m.s.f.DefaultMavenResourcesFiltering - Copying 0 resource from src\test\resources to target\test-classes
2026-01-07 08:47:10,663 [Worker-18: Creating project "Sample1"] INFO  o.e.m.c.i.l.LifecycleMappingFactory - Using org.eclipse.m2e.jdt.JarLifecycleMapping lifecycle mapping for MavenProject: Sample:Sample1:0.0.1-SNAPSHOT @ S:\1hUB\Sample1\pom.xml.
2026-01-07 08:47:10,749 [Worker-18: Creating project "Sample1"] INFO  o.e.m.j.i.AbstractJavaProjectConfigurator - Adding source folder /Sample1/src/main/java
2026-01-07 08:47:10,749 [Worker-18: Creating project "Sample1"] INFO  o.e.m.j.i.AbstractJavaProjectConfigurator - Adding resource folder /Sample1/src/main/resources
2026-01-07 08:47:10,750 [Worker-18: Creating project "Sample1"] INFO  o.e.m.j.i.AbstractJavaProjectConfigurator - Adding source folder /Sample1/src/test/java
2026-01-07 08:47:10,750 [Worker-18: Creating project "Sample1"] INFO  o.e.m.j.i.AbstractJavaProjectConfigurator - Adding resource folder /Sample1/src/test/resources
2026-01-07 08:47:11,028 [Worker-29: Building] WARN  o.a.m.s.f.DefaultMavenResourcesFiltering - Using platform encoding (UTF-8 actually) to copy filtered resources, i.e. build is platform dependent!
2026-01-07 08:47:11,030 [Worker-29: Building] INFO  o.a.m.s.f.DefaultMavenResourcesFiltering - Copying 0 resource from src\main\resources to target\classes
2026-01-07 08:47:11,032 [Worker-29: Building] WARN  o.a.m.s.f.DefaultMavenResourcesFiltering - Using platform encoding (UTF-8 actually) to copy filtered resources, i.e. build is platform dependent!
2026-01-07 08:47:11,034 [Worker-29: Building] INFO  o.a.m.s.f.DefaultMavenResourcesFiltering - Copying 0 resource from src\test\resources to target\test-classes
2026-01-07 08:47:15,401 [Worker-1: Loading available Gradle versions] INFO  o.e.b.c.i.u.g.PublishedGradleVersions - Gradle version information cache is up-to-date. Trying to read.
2026-01-07 08:51:23,304 [Worker-25: Loading available Gradle versions] INFO  o.e.b.c.i.u.g.PublishedGradleVersions - Gradle version information cache is up-to-date. Trying to read.
